[breakthroughrun.com/index.html]
[breakthroughrun.com/favicons/7f4e4650-5e51-4a36-894d-5a53a7ac9ad4/favicon-180x180.png]
[breakthroughrun.com/favicons/7f4e4650-5e51-4a36-894d-5a53a7ac9ad4/favicon-32x32.png]
[breakthroughrun.com/favicons/7f4e4650-5e51-4a36-894d-5a53a7ac9ad4/favicon-16x16.png]
[static-gcs.edit.site/bundle/publish/0.40.3/publish.css]
[breakthroughrun.com/styles/7f4e4650-5e51-4a36-894d-5a53a7ac9ad43ede.css]
[breakthroughrun.com/__fonts/krub-normal-200.woff2]
[breakthroughrun.com/__fonts/krub-italic-200.woff2]
[breakthroughrun.com/__fonts/krub-normal-300.woff2]
[breakthroughrun.com/__fonts/krub-italic-300.woff2]
[breakthroughrun.com/__fonts/krub-normal-400.woff2]
[breakthroughrun.com/__fonts/krub-italic-400.woff2]
[breakthroughrun.com/__fonts/krub-normal-500.woff2]
[breakthroughrun.com/__fonts/krub-italic-500.woff2]
[breakthroughrun.com/__fonts/krub-normal-600.woff2]
[breakthroughrun.com/__fonts/krub-italic-600.woff2]
[breakthroughrun.com/__fonts/krub-normal-700.woff2]
[breakthroughrun.com/__fonts/krub-italic-700.woff2]
[breakthroughrun.com/__fonts/merriweather-normal-300.woff2]
[breakthroughrun.com/__fonts/merriweather-italic-300.woff2]
[breakthroughrun.com/__fonts/merriweather-normal-400.woff2]
[breakthroughrun.com/__fonts/merriweather-italic-400.woff2]
[breakthroughrun.com/__fonts/merriweather-normal-700.woff2]
[breakthroughrun.com/__fonts/merriweather-italic-700.woff2]
[breakthroughrun.com/__fonts/merriweather-normal-900.woff2]
[breakthroughrun.com/__fonts/merriweather-italic-900.woff2]
[backblue.gif]
[fade.gif]
[index.html]
[breakthroughrun.com/about-us/index.html]
[breakthroughrun.com/coaching-services/index.html]
[breakthroughrun.com/contacts/contact-us/index.html]
[static-gcs.edit.site/users-files/9dfd9f40c52d606f6d733b1913e1de8f/zyia-session-june-2023-135.jpg]
[breakthroughrun.com/contacts/book-now/index.html]
[static-gcs.edit.site/users-files/70545a454a810358beb528123d5d9226/316711846_-1294202328041996-_2942672468657993541_n.jpg]
[static-gcs.edit.site/users-files/bc52f0297f0a1023aaf4fc5f12825c9a/appetizer-g-49-af-28-f9a_1920.jpg]
[static-gcs.edit.site/users-files/d998c8409ed9662eeac58cde517f3847/zyia-session-june-2023-6.jpg]
[static-gcs.edit.site/bundle/publish/0.40.3/vendors.js]
[breakthroughrun.com/index.html]
[static-gcs.edit.site/bundle/publish/0.40.3/publish.css]
[breakthroughrun.com/styles/7f4e4650-5e51-4a36-894d-5a53a7ac9ad43ede.css]
[static-gcs.edit.site/bundle/publish/0.40.3/bundle.js]
[static.edit.site/static/628/photo-038.png]
[static-gcs.edit.site/users-files/6572d4727469f7bc2ee85f277554526b/pxl_-20220425-_124923797_3-1.jpg]
[static.edit.site/static/628/photo-014.png]
[static-gcs.edit.site/users-files/cdb723e40ae5d246030dfb9e5b5eb43d/pxl_-20221008-_155210343.jpg]
[breakthroughrun.com/about-us/index.html]
[static.edit.site/static/628/photo-020.png]
[static-gcs.edit.site/users-files/f24848cb390916932ed3ed722d0fac70/images-unsplash-com(3).jpeg]
[breakthroughrun.com/coaching-services/index.html]
[breakthroughrun.com/contacts/contact-us/index.html]
[breakthroughrun.com/contacts/book-now/index.html]
[breakthroughrun.com/privacy-and-cookies-policy/index.html]
